C51 COMPILER V9.54   MAIN                                                                  12/17/2022 10:26:02 PAGE 1   


C51 COMPILER V9.54, COMPILATION OF MODULE MAIN
OBJECT MODULE PLACED IN .\Objects\main.obj
COMPILER INVOKED BY: D:\Software\Keil_V5_C51\C51\BIN\C51.EXE main.c OPTIMIZE(8,SPEED) BROWSE DEBUG OBJECTEXTEND PRINT(.\
                    -Listings\main.lst) OBJECT(.\Objects\main.obj)

line level    source

   1          #include <REGX52.H>
   2          #include "Delay.h"
   3          #include "UART.h"
   4          #include "LCD1602.h"
   5          
   6          /**
   7            * @brief  : 串口通信
   8                          通过串口控制LED灯，发送1-8点亮对应的LED，
   9                          发送0点亮全部，发送其它熄灭全部
  10            * @author : xy
  11            * @date   : 2022.12.16
  12            * @history:
  13            */
  14          void main()
  15          {
  16   1              LCD_Init();
  17   1              UART_Init();            //串口初始化
  18   1          
  19   1          LCD_ShowString(1, 1, "Light Led:");
  20   1          
  21   1              while(1){
  22   2              // 点亮第1-8个LED
  23   2                      if (rxData >=1 && rxData <= 8){
  24   3                              P2 = ~(0x01<<(rxData-1));    
  25   3              } else if (rxData == 0) { // 全部点亮
  26   3                  P2 = ~0xff;            
  27   3                      } else { // 全部熄灭
  28   3                  P2 = ~0x00;
  29   3              }
  30   2              }
  31   1      }
  32          
  33          


MODULE INFORMATION:   STATIC OVERLAYABLE
   CODE SIZE        =     66    ----
   CONSTANT SIZE    =     11    ----
   XDATA SIZE       =   ----    ----
   PDATA SIZE       =   ----    ----
   DATA SIZE        =   ----    ----
   IDATA SIZE       =   ----    ----
   BIT SIZE         =   ----    ----
END OF MODULE INFORMATION.


C51 COMPILATION COMPLETE.  0 WARNING(S),  0 ERROR(S)
