C51 COMPILER V9.54   DRV8833                                                               06/24/2023 15:04:00 PAGE 1   


C51 COMPILER V9.54, COMPILATION OF MODULE DRV8833
OBJECT MODULE PLACED IN .\Objects\drv8833.obj
COMPILER INVOKED BY: D:\Software\Keil\Keil_C51\C51\BIN\C51.EXE Hardware\drv8833.c OPTIMIZE(8,SPEED) BROWSE INCDIR(.\Hard
                    -ware) DEBUG OBJECTEXTEND PRINT(.\Listings\drv8833.lst) OBJECT(.\Objects\drv8833.obj)

line level    source

   1          //2023.6.24
   2          #include <REGX52.H>
   3          #include "delay.h"
   4          #include "drv8833.h"
   5          
   6          unsigned int g_count = 0;
   7          unsigned int g_motor_speed = 0;
   8          
   9          
  10          void DRV8833_1_Forward(void)
  11          {
  12   1          DRV8833_1_STBY = 1;
  13   1          
  14   1          DRV8833_1_AIN1 = 1;
  15   1          DRV8833_1_AIN2 = 0;
  16   1          DRV8833_1_BIN1 = 1;
  17   1          DRV8833_1_BIN2 = 0;   
  18   1      }
  19          
  20          void DRV8833_1_Backward(void)
  21          {
  22   1          DRV8833_1_STBY = 1;   
  23   1          
  24   1          DRV8833_1_AIN1 = 0;
  25   1          DRV8833_1_AIN2 = 1;
  26   1          DRV8833_1_BIN1 = 0;
  27   1          DRV8833_1_BIN2 = 1;   
  28   1      }
  29          
  30          void DRV8833_1_Stop(void)
  31          {
  32   1          DRV8833_1_STBY = 0;
  33   1      }
  34          
  35          void DRV8833_2_Forward(void)
  36          {
  37   1          DRV8833_2_STBY = 1;
  38   1          
  39   1          DRV8833_2_AIN1 = 1;
  40   1          DRV8833_2_AIN2 = 0;
  41   1          DRV8833_2_BIN1 = 1;
  42   1          DRV8833_2_BIN2 = 0;   
  43   1      }
  44          
  45          void DRV8833_2_Backward(void)
  46          {
  47   1          DRV8833_2_STBY = 1;   
  48   1          
  49   1          DRV8833_2_AIN1 = 0;
  50   1          DRV8833_2_AIN2 = 1;
  51   1          DRV8833_2_BIN1 = 0;
  52   1          DRV8833_2_BIN2 = 1;   
  53   1      }
  54          
C51 COMPILER V9.54   DRV8833                                                               06/24/2023 15:04:00 PAGE 2   

  55          void DRV8833_2_Stop(void)
  56          {
  57   1          DRV8833_2_STBY = 0;
  58   1      }
  59          
  60          void DRV8833_Init(void)
  61          {
  62   1          DRV8833_1_Forward();
  63   1          DRV8833_Timer0_Init();
  64   1          g_motor_speed = 50;
  65   1          
  66   1      }
  67          
  68          void DRV8833_Task(void)
  69          {
  70   1          //DRV8833_1_Forward(); 
  71   1          int i = 0;
  72   1          // 调速
  73   1          for (i = 0; i < 10; i++) {
  74   2              g_motor_speed += 10;
  75   2              if (g_motor_speed >= 100) {
  76   3                  g_motor_speed = 0;
  77   3              }
  78   2              DELAY_ms(1000);
  79   2          }
  80   1      }
  81          
  82          //void Timer0_Motor()interrupt 3
  83          void time1()interrupt 3 using 2 // using可以不用
  84          {       
  85   1          TH1=(65536-100)/256;          //100US定时
  86   1          TL1=(65536-100)%256;
  87   1      
  88   1          g_count++;        
  89   1          if(g_count >= 0 && g_count <= g_motor_speed)
  90   1          {
  91   2              // 正转
  92   2              DRV8833_1_AIN1 = 1;
  93   2              DRV8833_1_AIN2 = 1;
  94   2          } else {
  95   2              // 正转
  96   2              DRV8833_1_AIN1 = 0;
  97   2              DRV8833_1_AIN2 = 0;
  98   2          }
  99   1          if(g_count==100)        
 100   1              g_count=0;       
 101   1          
 102   1      }
 103          
 104          // 定时器0初始化
 105          void DRV8833_Timer0_Init() 
 106          {
 107   1              TMOD=0X10;
 108   1              TH1=(65536-100)/256;      //100US定时
 109   1              TL1=(65536-100)%256;
 110   1              TR1= 1;
 111   1              ET1= 1;
 112   1              EA = 1;
 113   1      }


MODULE INFORMATION:   STATIC OVERLAYABLE
C51 COMPILER V9.54   DRV8833                                                               06/24/2023 15:04:00 PAGE 3   

   CODE SIZE        =    205    ----
   CONSTANT SIZE    =   ----    ----
   XDATA SIZE       =   ----    ----
   PDATA SIZE       =   ----    ----
   DATA SIZE        =      4       2
   IDATA SIZE       =   ----    ----
   BIT SIZE         =   ----    ----
END OF MODULE INFORMATION.


C51 COMPILATION COMPLETE.  0 WARNING(S),  0 ERROR(S)
